
=== 2026-05-27 12:20:30 ===

-- 全局走子记录 --
#1 红方 (AI): (16,6)→(11,6) [C]
#2 绿方: (8,0)→(9,1) [A]
#3 P4: (11,7)→(11,6) [N]
#3 黑方 (AI): (0,12)→(2,11) [N]
#4 蓝方 (AI): (12,18)→(11,16) [N]

-- AI 思考细节 --

[Turn 3] 蓝方 (AI)
  (6,18)→(5,16)  score=-25530
  (6,18)→(7,16)  score=-25513
  (12,18)→(11,16)  score=-25513 ◀ SELECTED
  (12,18)→(13,16)  score=-25530
  (5,15)→(5,14)  score=-25584
  (5,18)→(5,17)  score=-25584
  (5,18)→(5,16)  score=-25584
  (6,16)→(5,16)  score=-25523
  Chosen: (12,18)→(11,16)
=== End ===

=== 2026-05-27 12:21:38 ===

-- 全局走子记录 --
#1 红方 (AI): (16,6)→(11,6) [C]
#2 绿方: (8,0)→(9,1) [A]
#3 P4: (11,7)→(11,6) [N]
#3 黑方 (AI): (0,12)→(2,11) [N]
#4 蓝方 (AI): (12,18)→(11,16) [N]
#5 P4: (11,11)→(10,11) [N]
#5 红方: (18,6)→(16,7) [N]
#6 绿方: (12,2)→(9,2) [C]
#7 P4: (9,9)→(10,9) [N]
#7 黑方 (AI): (2,12)→(13,12) [C]
#8 蓝方 (AI): (13,18)→(12,18) [R]

-- AI 思考细节 --

[Turn 3] 蓝方 (AI)
  (6,18)→(5,16)  score=-25530
  (6,18)→(7,16)  score=-25513
  (12,18)→(11,16)  score=-25513 ◀ SELECTED
  (12,18)→(13,16)  score=-25530
  (5,15)→(5,14)  score=-25584
  (5,18)→(5,17)  score=-25584
  (5,18)→(5,16)  score=-25584
  (6,16)→(5,16)  score=-25523
  Chosen: (12,18)→(11,16)

[Turn 7] 蓝方 (AI)
  (6,18)→(5,16)  score=-26427
  (6,18)→(7,16)  score=-26427
  (9,15)→(9,14)  score=-26478
  (13,18)→(12,18)  score=-25522 ◀ SELECTED
  (13,18)→(13,17)  score=-26428
  (13,18)→(13,16)  score=-26094
  (5,15)→(5,14)  score=-26448
  (5,18)→(5,17)  score=-26448
  Chosen: (13,18)→(12,18)
=== End ===

=== 2026-05-27 12:22:31 ===

-- 全局走子记录 --
#1 红方 (AI): (16,6)→(11,6) [C]
#2 绿方: (8,0)→(9,1) [A]
#3 P4: (11,7)→(11,6) [N]
#3 黑方 (AI): (0,12)→(2,11) [N]
#4 蓝方 (AI): (12,18)→(11,16) [N]
#5 P4: (11,11)→(10,11) [N]
#5 红方: (18,6)→(16,7) [N]
#6 绿方: (12,2)→(9,2) [C]
#7 P4: (9,9)→(10,9) [N]
#7 黑方 (AI): (2,12)→(13,12) [C]
#8 蓝方 (AI): (13,18)→(12,18) [R]
#9 P4: (10,8)→(11,9) [N]
#9 红方: (18,5)→(18,6) [R]
#10 绿方: (13,0)→(13,1) [R]
#11 P4: (7,11)→(7,10) [N]
#11 黑方 (AI): (2,6)→(9,6) [C]
#12 蓝方 (AI): (6,16)→(9,16) [C]

-- AI 思考细节 --

[Turn 3] 蓝方 (AI)
  (6,18)→(5,16)  score=-25530
  (6,18)→(7,16)  score=-25513
  (12,18)→(11,16)  score=-25513 ◀ SELECTED
  (12,18)→(13,16)  score=-25530
  (5,15)→(5,14)  score=-25584
  (5,18)→(5,17)  score=-25584
  (5,18)→(5,16)  score=-25584
  (6,16)→(5,16)  score=-25523
  Chosen: (12,18)→(11,16)

[Turn 7] 蓝方 (AI)
  (6,18)→(5,16)  score=-26427
  (6,18)→(7,16)  score=-26427
  (9,15)→(9,14)  score=-26478
  (13,18)→(12,18)  score=-25522 ◀ SELECTED
  (13,18)→(13,17)  score=-26428
  (13,18)→(13,16)  score=-26094
  (5,15)→(5,14)  score=-26448
  (5,18)→(5,17)  score=-26448
  Chosen: (13,18)→(12,18)

[Turn 11] 蓝方 (AI)
  (5,15)→(5,14)  score=-99996
  (6,16)→(5,16)  score=-99996
  (6,16)→(7,16)  score=-99996
  (6,16)→(8,16)  score=-99996
  (6,16)→(9,16)  score=-25630 ◀ SELECTED
  (6,16)→(10,16)  score=-99996
  (6,16)→(6,15)  score=-99996
  (6,16)→(6,14)  score=-99996
  Chosen: (6,16)→(9,16)
=== End ===

=== 2026-05-27 12:25:00 ===

-- 全局走子记录 --
#1 红方: (16,12)→(16,9) [C]
#2 黑方 (AI): (0,8)→(1,9) [A]

-- AI 思考细节 --

[Turn 1] 黑方 (AI)
  (0,6)→(2,5)  score=-3449
  (0,6)→(2,7)  score=-3432
  (0,5)→(1,5)  score=-3623
  (0,5)→(2,5)  score=-3623
  (0,7)→(2,5)  score=-3593
  (0,7)→(2,9)  score=-3461
  (0,8)→(1,9)  score=-3432 ◀ SELECTED
  (0,9)→(1,9)  score=-3628
  Chosen: (0,8)→(1,9)
=== End ===

=== 2026-05-27 12:25:04 ===

-- 全局走子记录 --
#1 红方: (16,12)→(16,9) [C]
#2 黑方 (AI): (0,8)→(1,9) [A]
#3 P4: (9,9)→(9,10) [N]
#3 绿方 (AI): (6,0)→(7,2) [N]

-- AI 思考细节 --

[Turn 1] 黑方 (AI)
  (0,6)→(2,5)  score=-3449
  (0,6)→(2,7)  score=-3432
  (0,5)→(1,5)  score=-3623
  (0,5)→(2,5)  score=-3623
  (0,7)→(2,5)  score=-3593
  (0,7)→(2,9)  score=-3461
  (0,8)→(1,9)  score=-3432 ◀ SELECTED
  (0,9)→(1,9)  score=-3628
  Chosen: (0,8)→(1,9)

[Turn 2] 绿方 (AI)
  (6,0)→(5,2)  score=+1126
  (6,0)→(7,2)  score=+1143 ◀ SELECTED
  (12,0)→(11,2)  score=+1143
  (12,0)→(13,2)  score=+1126
  (5,0)→(5,1)  score=+1072
  (5,0)→(5,2)  score=+1072
  (5,3)→(5,4)  score=+1072
  (6,2)→(5,2)  score=+1133
  Chosen: (6,0)→(7,2)
=== End ===

=== 2026-05-27 12:25:08 ===

-- 全局走子记录 --
#1 红方: (16,12)→(16,9) [C]
#2 黑方 (AI): (0,8)→(1,9) [A]
#3 P4: (9,9)→(9,10) [N]
#3 绿方 (AI): (6,0)→(7,2) [N]
#4 蓝方 (AI): (6,18)→(7,16) [N]

-- AI 思考细节 --

[Turn 1] 黑方 (AI)
  (0,6)→(2,5)  score=-3449
  (0,6)→(2,7)  score=-3432
  (0,5)→(1,5)  score=-3623
  (0,5)→(2,5)  score=-3623
  (0,7)→(2,5)  score=-3593
  (0,7)→(2,9)  score=-3461
  (0,8)→(1,9)  score=-3432 ◀ SELECTED
  (0,9)→(1,9)  score=-3628
  Chosen: (0,8)→(1,9)

[Turn 2] 绿方 (AI)
  (6,0)→(5,2)  score=+1126
  (6,0)→(7,2)  score=+1143 ◀ SELECTED
  (12,0)→(11,2)  score=+1143
  (12,0)→(13,2)  score=+1126
  (5,0)→(5,1)  score=+1072
  (5,0)→(5,2)  score=+1072
  (5,3)→(5,4)  score=+1072
  (6,2)→(5,2)  score=+1133
  Chosen: (6,0)→(7,2)

[Turn 3] 蓝方 (AI)
  (6,18)→(5,16)  score=+825
  (6,18)→(7,16)  score=+842 ◀ SELECTED
  (12,18)→(11,16)  score=+842
  (12,18)→(13,16)  score=+825
  (5,15)→(5,14)  score=+771
  (5,18)→(5,17)  score=+372
  (5,18)→(5,16)  score=+372
  (6,16)→(5,16)  score=+832
  Chosen: (6,18)→(7,16)
=== End ===

=== 2026-05-27 12:25:22 ===

-- 全局走子记录 --
#1 红方: (16,12)→(16,9) [C]
#2 黑方 (AI): (0,8)→(1,9) [A]
#3 P4: (9,9)→(9,10) [N]
#3 绿方 (AI): (6,0)→(7,2) [N]
#4 蓝方 (AI): (6,18)→(7,16) [N]
#5 P4: (8,10)→(9,11) [N]
#5 红方: (18,13)→(17,13) [R]
#6 黑方 (AI): (0,6)→(2,7) [N]

-- AI 思考细节 --

[Turn 1] 黑方 (AI)
  (0,6)→(2,5)  score=-3449
  (0,6)→(2,7)  score=-3432
  (0,5)→(1,5)  score=-3623
  (0,5)→(2,5)  score=-3623
  (0,7)→(2,5)  score=-3593
  (0,7)→(2,9)  score=-3461
  (0,8)→(1,9)  score=-3432 ◀ SELECTED
  (0,9)→(1,9)  score=-3628
  Chosen: (0,8)→(1,9)

[Turn 2] 绿方 (AI)
  (6,0)→(5,2)  score=+1126
  (6,0)→(7,2)  score=+1143 ◀ SELECTED
  (12,0)→(11,2)  score=+1143
  (12,0)→(13,2)  score=+1126
  (5,0)→(5,1)  score=+1072
  (5,0)→(5,2)  score=+1072
  (5,3)→(5,4)  score=+1072
  (6,2)→(5,2)  score=+1133
  Chosen: (6,0)→(7,2)

[Turn 3] 蓝方 (AI)
  (6,18)→(5,16)  score=+825
  (6,18)→(7,16)  score=+842 ◀ SELECTED
  (12,18)→(11,16)  score=+842
  (12,18)→(13,16)  score=+825
  (5,15)→(5,14)  score=+771
  (5,18)→(5,17)  score=+372
  (5,18)→(5,16)  score=+372
  (6,16)→(5,16)  score=+832
  Chosen: (6,18)→(7,16)

[Turn 5] 黑方 (AI)
  (0,6)→(2,5)  score=+727
  (0,6)→(2,7)  score=+892 ◀ SELECTED
  (3,9)→(4,9)  score=+723
  (0,5)→(1,5)  score=+352
  (0,5)→(2,5)  score=+402
  (0,7)→(2,5)  score=+583
  (0,7)→(2,9)  score=+705
  (0,9)→(0,8)  score=+664
  Chosen: (0,6)→(2,7)
=== End ===

=== 2026-05-27 12:25:25 ===

-- 全局走子记录 --
#1 红方: (16,12)→(16,9) [C]
#2 黑方 (AI): (0,8)→(1,9) [A]
#3 P4: (9,9)→(9,10) [N]
#3 绿方 (AI): (6,0)→(7,2) [N]
#4 蓝方 (AI): (6,18)→(7,16) [N]
#5 P4: (8,10)→(9,11) [N]
#5 红方: (18,13)→(17,13) [R]
#6 黑方 (AI): (0,6)→(2,7) [N]
#7 P4: (11,11)→(10,11) [N]
#7 绿方 (AI): (6,2)→(6,1) [C]

-- AI 思考细节 --

[Turn 1] 黑方 (AI)
  (0,6)→(2,5)  score=-3449
  (0,6)→(2,7)  score=-3432
  (0,5)→(1,5)  score=-3623
  (0,5)→(2,5)  score=-3623
  (0,7)→(2,5)  score=-3593
  (0,7)→(2,9)  score=-3461
  (0,8)→(1,9)  score=-3432 ◀ SELECTED
  (0,9)→(1,9)  score=-3628
  Chosen: (0,8)→(1,9)

[Turn 2] 绿方 (AI)
  (6,0)→(5,2)  score=+1126
  (6,0)→(7,2)  score=+1143 ◀ SELECTED
  (12,0)→(11,2)  score=+1143
  (12,0)→(13,2)  score=+1126
  (5,0)→(5,1)  score=+1072
  (5,0)→(5,2)  score=+1072
  (5,3)→(5,4)  score=+1072
  (6,2)→(5,2)  score=+1133
  Chosen: (6,0)→(7,2)

[Turn 3] 蓝方 (AI)
  (6,18)→(5,16)  score=+825
  (6,18)→(7,16)  score=+842 ◀ SELECTED
  (12,18)→(11,16)  score=+842
  (12,18)→(13,16)  score=+825
  (5,15)→(5,14)  score=+771
  (5,18)→(5,17)  score=+372
  (5,18)→(5,16)  score=+372
  (6,16)→(5,16)  score=+832
  Chosen: (6,18)→(7,16)

[Turn 5] 黑方 (AI)
  (0,6)→(2,5)  score=+727
  (0,6)→(2,7)  score=+892 ◀ SELECTED
  (3,9)→(4,9)  score=+723
  (0,5)→(1,5)  score=+352
  (0,5)→(2,5)  score=+402
  (0,7)→(2,5)  score=+583
  (0,7)→(2,9)  score=+705
  (0,9)→(0,8)  score=+664
  Chosen: (0,6)→(2,7)

[Turn 6] 绿方 (AI)
  (12,0)→(11,2)  score=+968
  (12,0)→(13,2)  score=+951
  (5,0)→(6,0)  score=+440
  (5,0)→(5,1)  score=+946
  (5,0)→(5,2)  score=+946
  (5,3)→(5,4)  score=+946
  (6,2)→(5,2)  score=+967
  (6,2)→(6,1)  score=+968 ◀ SELECTED
  Chosen: (6,2)→(6,1)
=== End ===

=== 2026-05-27 12:25:28 ===

-- 全局走子记录 --
#1 红方: (16,12)→(16,9) [C]
#2 黑方 (AI): (0,8)→(1,9) [A]
#3 P4: (9,9)→(9,10) [N]
#3 绿方 (AI): (6,0)→(7,2) [N]
#4 蓝方 (AI): (6,18)→(7,16) [N]
#5 P4: (8,10)→(9,11) [N]
#5 红方: (18,13)→(17,13) [R]
#6 黑方 (AI): (0,6)→(2,7) [N]
#7 P4: (11,11)→(10,11) [N]
#7 绿方 (AI): (6,2)→(6,1) [C]
#8 蓝方 (AI): (6,16)→(5,16) [C]

-- AI 思考细节 --

[Turn 1] 黑方 (AI)
  (0,6)→(2,5)  score=-3449
  (0,6)→(2,7)  score=-3432
  (0,5)→(1,5)  score=-3623
  (0,5)→(2,5)  score=-3623
  (0,7)→(2,5)  score=-3593
  (0,7)→(2,9)  score=-3461
  (0,8)→(1,9)  score=-3432 ◀ SELECTED
  (0,9)→(1,9)  score=-3628
  Chosen: (0,8)→(1,9)

[Turn 2] 绿方 (AI)
  (6,0)→(5,2)  score=+1126
  (6,0)→(7,2)  score=+1143 ◀ SELECTED
  (12,0)→(11,2)  score=+1143
  (12,0)→(13,2)  score=+1126
  (5,0)→(5,1)  score=+1072
  (5,0)→(5,2)  score=+1072
  (5,3)→(5,4)  score=+1072
  (6,2)→(5,2)  score=+1133
  Chosen: (6,0)→(7,2)

[Turn 3] 蓝方 (AI)
  (6,18)→(5,16)  score=+825
  (6,18)→(7,16)  score=+842 ◀ SELECTED
  (12,18)→(11,16)  score=+842
  (12,18)→(13,16)  score=+825
  (5,15)→(5,14)  score=+771
  (5,18)→(5,17)  score=+372
  (5,18)→(5,16)  score=+372
  (6,16)→(5,16)  score=+832
  Chosen: (6,18)→(7,16)

[Turn 5] 黑方 (AI)
  (0,6)→(2,5)  score=+727
  (0,6)→(2,7)  score=+892 ◀ SELECTED
  (3,9)→(4,9)  score=+723
  (0,5)→(1,5)  score=+352
  (0,5)→(2,5)  score=+402
  (0,7)→(2,5)  score=+583
  (0,7)→(2,9)  score=+705
  (0,9)→(0,8)  score=+664
  Chosen: (0,6)→(2,7)

[Turn 6] 绿方 (AI)
  (12,0)→(11,2)  score=+968
  (12,0)→(13,2)  score=+951
  (5,0)→(6,0)  score=+440
  (5,0)→(5,1)  score=+946
  (5,0)→(5,2)  score=+946
  (5,3)→(5,4)  score=+946
  (6,2)→(5,2)  score=+967
  (6,2)→(6,1)  score=+968 ◀ SELECTED
  Chosen: (6,2)→(6,1)

[Turn 7] 蓝方 (AI)
  (12,18)→(11,16)  score=+966
  (12,18)→(13,16)  score=+949
  (5,15)→(5,14)  score=+944
  (5,18)→(6,18)  score=+439
  (5,18)→(5,17)  score=+944
  (5,18)→(5,16)  score=+944
  (6,16)→(5,16)  score=+965 ◀ SELECTED
  (6,16)→(6,15)  score=+966
  Chosen: (6,16)→(5,16)
=== End ===

=== 2026-05-27 12:25:35 ===

-- 全局走子记录 --
#1 红方: (16,12)→(16,9) [C]
#2 黑方 (AI): (0,8)→(1,9) [A]
#3 P4: (9,9)→(9,10) [N]
#3 绿方 (AI): (6,0)→(7,2) [N]
#4 蓝方 (AI): (6,18)→(7,16) [N]
#5 P4: (8,10)→(9,11) [N]
#5 红方: (18,13)→(17,13) [R]
#6 黑方 (AI): (0,6)→(2,7) [N]
#7 P4: (11,11)→(10,11) [N]
#7 绿方 (AI): (6,2)→(6,1) [C]
#8 蓝方 (AI): (6,16)→(5,16) [C]
#9 P4: (7,11)→(8,11) [N]
#9 红方: (17,13)→(17,12) [R]
#10 黑方 (AI): (2,12)→(5,12) [C]

-- AI 思考细节 --

[Turn 1] 黑方 (AI)
  (0,6)→(2,5)  score=-3449
  (0,6)→(2,7)  score=-3432
  (0,5)→(1,5)  score=-3623
  (0,5)→(2,5)  score=-3623
  (0,7)→(2,5)  score=-3593
  (0,7)→(2,9)  score=-3461
  (0,8)→(1,9)  score=-3432 ◀ SELECTED
  (0,9)→(1,9)  score=-3628
  Chosen: (0,8)→(1,9)

[Turn 2] 绿方 (AI)
  (6,0)→(5,2)  score=+1126
  (6,0)→(7,2)  score=+1143 ◀ SELECTED
  (12,0)→(11,2)  score=+1143
  (12,0)→(13,2)  score=+1126
  (5,0)→(5,1)  score=+1072
  (5,0)→(5,2)  score=+1072
  (5,3)→(5,4)  score=+1072
  (6,2)→(5,2)  score=+1133
  Chosen: (6,0)→(7,2)

[Turn 3] 蓝方 (AI)
  (6,18)→(5,16)  score=+825
  (6,18)→(7,16)  score=+842 ◀ SELECTED
  (12,18)→(11,16)  score=+842
  (12,18)→(13,16)  score=+825
  (5,15)→(5,14)  score=+771
  (5,18)→(5,17)  score=+372
  (5,18)→(5,16)  score=+372
  (6,16)→(5,16)  score=+832
  Chosen: (6,18)→(7,16)

[Turn 5] 黑方 (AI)
  (0,6)→(2,5)  score=+727
  (0,6)→(2,7)  score=+892 ◀ SELECTED
  (3,9)→(4,9)  score=+723
  (0,5)→(1,5)  score=+352
  (0,5)→(2,5)  score=+402
  (0,7)→(2,5)  score=+583
  (0,7)→(2,9)  score=+705
  (0,9)→(0,8)  score=+664
  Chosen: (0,6)→(2,7)

[Turn 6] 绿方 (AI)
  (12,0)→(11,2)  score=+968
  (12,0)→(13,2)  score=+951
  (5,0)→(6,0)  score=+440
  (5,0)→(5,1)  score=+946
  (5,0)→(5,2)  score=+946
  (5,3)→(5,4)  score=+946
  (6,2)→(5,2)  score=+967
  (6,2)→(6,1)  score=+968 ◀ SELECTED
  Chosen: (6,2)→(6,1)

[Turn 7] 蓝方 (AI)
  (12,18)→(11,16)  score=+966
  (12,18)→(13,16)  score=+949
  (5,15)→(5,14)  score=+944
  (5,18)→(6,18)  score=+439
  (5,18)→(5,17)  score=+944
  (5,18)→(5,16)  score=+944
  (6,16)→(5,16)  score=+965 ◀ SELECTED
  (6,16)→(6,15)  score=+966
  Chosen: (6,16)→(5,16)

[Turn 9] 黑方 (AI)
  (2,12)→(18,12)  score=+733
  (2,12)→(1,12)  score=+296
  (2,12)→(3,12)  score=+307
  (2,12)→(4,12)  score=+357
  (2,12)→(5,12)  score=+1044 ◀ SELECTED
  (2,12)→(6,12)  score=+1042
  (2,12)→(7,12)  score=+362
  (2,12)→(8,12)  score=+361
  Chosen: (2,12)→(5,12)
=== End ===

=== 2026-05-27 12:25:39 ===

-- 全局走子记录 --
#1 红方: (16,12)→(16,9) [C]
#2 黑方 (AI): (0,8)→(1,9) [A]
#3 P4: (9,9)→(9,10) [N]
#3 绿方 (AI): (6,0)→(7,2) [N]
#4 蓝方 (AI): (6,18)→(7,16) [N]
#5 P4: (8,10)→(9,11) [N]
#5 红方: (18,13)→(17,13) [R]
#6 黑方 (AI): (0,6)→(2,7) [N]
#7 P4: (11,11)→(10,11) [N]
#7 绿方 (AI): (6,2)→(6,1) [C]
#8 蓝方 (AI): (6,16)→(5,16) [C]
#9 P4: (7,11)→(8,11) [N]
#9 红方: (17,13)→(17,12) [R]
#10 黑方 (AI): (2,12)→(5,12) [C]
#11 P4: (11,7)→(10,7) [N]
#11 绿方 (AI): (5,0)→(6,0) [R]

-- AI 思考细节 --

[Turn 1] 黑方 (AI)
  (0,6)→(2,5)  score=-3449
  (0,6)→(2,7)  score=-3432
  (0,5)→(1,5)  score=-3623
  (0,5)→(2,5)  score=-3623
  (0,7)→(2,5)  score=-3593
  (0,7)→(2,9)  score=-3461
  (0,8)→(1,9)  score=-3432 ◀ SELECTED
  (0,9)→(1,9)  score=-3628
  Chosen: (0,8)→(1,9)

[Turn 2] 绿方 (AI)
  (6,0)→(5,2)  score=+1126
  (6,0)→(7,2)  score=+1143 ◀ SELECTED
  (12,0)→(11,2)  score=+1143
  (12,0)→(13,2)  score=+1126
  (5,0)→(5,1)  score=+1072
  (5,0)→(5,2)  score=+1072
  (5,3)→(5,4)  score=+1072
  (6,2)→(5,2)  score=+1133
  Chosen: (6,0)→(7,2)

[Turn 3] 蓝方 (AI)
  (6,18)→(5,16)  score=+825
  (6,18)→(7,16)  score=+842 ◀ SELECTED
  (12,18)→(11,16)  score=+842
  (12,18)→(13,16)  score=+825
  (5,15)→(5,14)  score=+771
  (5,18)→(5,17)  score=+372
  (5,18)→(5,16)  score=+372
  (6,16)→(5,16)  score=+832
  Chosen: (6,18)→(7,16)

[Turn 5] 黑方 (AI)
  (0,6)→(2,5)  score=+727
  (0,6)→(2,7)  score=+892 ◀ SELECTED
  (3,9)→(4,9)  score=+723
  (0,5)→(1,5)  score=+352
  (0,5)→(2,5)  score=+402
  (0,7)→(2,5)  score=+583
  (0,7)→(2,9)  score=+705
  (0,9)→(0,8)  score=+664
  Chosen: (0,6)→(2,7)

[Turn 6] 绿方 (AI)
  (12,0)→(11,2)  score=+968
  (12,0)→(13,2)  score=+951
  (5,0)→(6,0)  score=+440
  (5,0)→(5,1)  score=+946
  (5,0)→(5,2)  score=+946
  (5,3)→(5,4)  score=+946
  (6,2)→(5,2)  score=+967
  (6,2)→(6,1)  score=+968 ◀ SELECTED
  Chosen: (6,2)→(6,1)

[Turn 7] 蓝方 (AI)
  (12,18)→(11,16)  score=+966
  (12,18)→(13,16)  score=+949
  (5,15)→(5,14)  score=+944
  (5,18)→(6,18)  score=+439
  (5,18)→(5,17)  score=+944
  (5,18)→(5,16)  score=+944
  (6,16)→(5,16)  score=+965 ◀ SELECTED
  (6,16)→(6,15)  score=+966
  Chosen: (6,16)→(5,16)

[Turn 9] 黑方 (AI)
  (2,12)→(18,12)  score=+733
  (2,12)→(1,12)  score=+296
  (2,12)→(3,12)  score=+307
  (2,12)→(4,12)  score=+357
  (2,12)→(5,12)  score=+1044 ◀ SELECTED
  (2,12)→(6,12)  score=+1042
  (2,12)→(7,12)  score=+362
  (2,12)→(8,12)  score=+361
  Chosen: (2,12)→(5,12)

[Turn 10] 绿方 (AI)
  (5,0)→(6,0)  score=+629 ◀ SELECTED
  (5,0)→(5,1)  score=+435
  (5,0)→(5,2)  score=+543
  (12,0)→(11,2)  score=+56
  (12,0)→(13,2)  score=+39
  (5,3)→(5,4)  score=+8
  (6,1)→(5,1)  score=+598
  (6,1)→(7,1)  score=+54
  Chosen: (5,0)→(6,0)
=== End ===

=== 2026-05-27 12:25:42 ===

-- 全局走子记录 --
#1 红方: (16,12)→(16,9) [C]
#2 黑方 (AI): (0,8)→(1,9) [A]
#3 P4: (9,9)→(9,10) [N]
#3 绿方 (AI): (6,0)→(7,2) [N]
#4 蓝方 (AI): (6,18)→(7,16) [N]
#5 P4: (8,10)→(9,11) [N]
#5 红方: (18,13)→(17,13) [R]
#6 黑方 (AI): (0,6)→(2,7) [N]
#7 P4: (11,11)→(10,11) [N]
#7 绿方 (AI): (6,2)→(6,1) [C]
#8 蓝方 (AI): (6,16)→(5,16) [C]
#9 P4: (7,11)→(8,11) [N]
#9 红方: (17,13)→(17,12) [R]
#10 黑方 (AI): (2,12)→(5,12) [C]
#11 P4: (11,7)→(10,7) [N]
#11 绿方 (AI): (5,0)→(6,0) [R]
#12 蓝方 (AI): (5,18)→(6,18) [R]

-- AI 思考细节 --

[Turn 1] 黑方 (AI)
  (0,6)→(2,5)  score=-3449
  (0,6)→(2,7)  score=-3432
  (0,5)→(1,5)  score=-3623
  (0,5)→(2,5)  score=-3623
  (0,7)→(2,5)  score=-3593
  (0,7)→(2,9)  score=-3461
  (0,8)→(1,9)  score=-3432 ◀ SELECTED
  (0,9)→(1,9)  score=-3628
  Chosen: (0,8)→(1,9)

[Turn 2] 绿方 (AI)
  (6,0)→(5,2)  score=+1126
  (6,0)→(7,2)  score=+1143 ◀ SELECTED
  (12,0)→(11,2)  score=+1143
  (12,0)→(13,2)  score=+1126
  (5,0)→(5,1)  score=+1072
  (5,0)→(5,2)  score=+1072
  (5,3)→(5,4)  score=+1072
  (6,2)→(5,2)  score=+1133
  Chosen: (6,0)→(7,2)

[Turn 3] 蓝方 (AI)
  (6,18)→(5,16)  score=+825
  (6,18)→(7,16)  score=+842 ◀ SELECTED
  (12,18)→(11,16)  score=+842
  (12,18)→(13,16)  score=+825
  (5,15)→(5,14)  score=+771
  (5,18)→(5,17)  score=+372
  (5,18)→(5,16)  score=+372
  (6,16)→(5,16)  score=+832
  Chosen: (6,18)→(7,16)

[Turn 5] 黑方 (AI)
  (0,6)→(2,5)  score=+727
  (0,6)→(2,7)  score=+892 ◀ SELECTED
  (3,9)→(4,9)  score=+723
  (0,5)→(1,5)  score=+352
  (0,5)→(2,5)  score=+402
  (0,7)→(2,5)  score=+583
  (0,7)→(2,9)  score=+705
  (0,9)→(0,8)  score=+664
  Chosen: (0,6)→(2,7)

[Turn 6] 绿方 (AI)
  (12,0)→(11,2)  score=+968
  (12,0)→(13,2)  score=+951
  (5,0)→(6,0)  score=+440
  (5,0)→(5,1)  score=+946
  (5,0)→(5,2)  score=+946
  (5,3)→(5,4)  score=+946
  (6,2)→(5,2)  score=+967
  (6,2)→(6,1)  score=+968 ◀ SELECTED
  Chosen: (6,2)→(6,1)

[Turn 7] 蓝方 (AI)
  (12,18)→(11,16)  score=+966
  (12,18)→(13,16)  score=+949
  (5,15)→(5,14)  score=+944
  (5,18)→(6,18)  score=+439
  (5,18)→(5,17)  score=+944
  (5,18)→(5,16)  score=+944
  (6,16)→(5,16)  score=+965 ◀ SELECTED
  (6,16)→(6,15)  score=+966
  Chosen: (6,16)→(5,16)

[Turn 9] 黑方 (AI)
  (2,12)→(18,12)  score=+733
  (2,12)→(1,12)  score=+296
  (2,12)→(3,12)  score=+307
  (2,12)→(4,12)  score=+357
  (2,12)→(5,12)  score=+1044 ◀ SELECTED
  (2,12)→(6,12)  score=+1042
  (2,12)→(7,12)  score=+362
  (2,12)→(8,12)  score=+361
  Chosen: (2,12)→(5,12)

[Turn 10] 绿方 (AI)
  (5,0)→(6,0)  score=+629 ◀ SELECTED
  (5,0)→(5,1)  score=+435
  (5,0)→(5,2)  score=+543
  (12,0)→(11,2)  score=+56
  (12,0)→(13,2)  score=+39
  (5,3)→(5,4)  score=+8
  (6,1)→(5,1)  score=+598
  (6,1)→(7,1)  score=+54
  Chosen: (5,0)→(6,0)

[Turn 11] 蓝方 (AI)
  (5,16)→(6,16)  score=+458
  (5,16)→(5,17)  score=+1344
  (12,18)→(11,16)  score=+1374
  (12,18)→(13,16)  score=+1357
  (5,15)→(5,14)  score=+1344
  (5,18)→(6,18)  score=+1424 ◀ SELECTED
  (5,18)→(5,17)  score=+1344
  (7,15)→(7,14)  score=+1344
  Chosen: (5,18)→(6,18)
=== End ===

=== 2026-05-27 12:25:50 ===

-- 全局走子记录 --
#1 红方: (16,12)→(16,9) [C]
#2 黑方 (AI): (0,8)→(1,9) [A]
#3 P4: (9,9)→(9,10) [N]
#3 绿方 (AI): (6,0)→(7,2) [N]
#4 蓝方 (AI): (6,18)→(7,16) [N]
#5 P4: (8,10)→(9,11) [N]
#5 红方: (18,13)→(17,13) [R]
#6 黑方 (AI): (0,6)→(2,7) [N]
#7 P4: (11,11)→(10,11) [N]
#7 绿方 (AI): (6,2)→(6,1) [C]
#8 蓝方 (AI): (6,16)→(5,16) [C]
#9 P4: (7,11)→(8,11) [N]
#9 红方: (17,13)→(17,12) [R]
#10 黑方 (AI): (2,12)→(5,12) [C]
#11 P4: (11,7)→(10,7) [N]
#11 绿方 (AI): (5,0)→(6,0) [R]
#12 蓝方 (AI): (5,18)→(6,18) [R]
#13 P4: (10,7)→(9,7) [N]
#13 红方: (17,12)→(5,12) [R] 吃C[C]
#14 黑方 (AI): (0,5)→(2,5) [R]

-- AI 思考细节 --

[Turn 1] 黑方 (AI)
  (0,6)→(2,5)  score=-3449
  (0,6)→(2,7)  score=-3432
  (0,5)→(1,5)  score=-3623
  (0,5)→(2,5)  score=-3623
  (0,7)→(2,5)  score=-3593
  (0,7)→(2,9)  score=-3461
  (0,8)→(1,9)  score=-3432 ◀ SELECTED
  (0,9)→(1,9)  score=-3628
  Chosen: (0,8)→(1,9)

[Turn 2] 绿方 (AI)
  (6,0)→(5,2)  score=+1126
  (6,0)→(7,2)  score=+1143 ◀ SELECTED
  (12,0)→(11,2)  score=+1143
  (12,0)→(13,2)  score=+1126
  (5,0)→(5,1)  score=+1072
  (5,0)→(5,2)  score=+1072
  (5,3)→(5,4)  score=+1072
  (6,2)→(5,2)  score=+1133
  Chosen: (6,0)→(7,2)

[Turn 3] 蓝方 (AI)
  (6,18)→(5,16)  score=+825
  (6,18)→(7,16)  score=+842 ◀ SELECTED
  (12,18)→(11,16)  score=+842
  (12,18)→(13,16)  score=+825
  (5,15)→(5,14)  score=+771
  (5,18)→(5,17)  score=+372
  (5,18)→(5,16)  score=+372
  (6,16)→(5,16)  score=+832
  Chosen: (6,18)→(7,16)

[Turn 5] 黑方 (AI)
  (0,6)→(2,5)  score=+727
  (0,6)→(2,7)  score=+892 ◀ SELECTED
  (3,9)→(4,9)  score=+723
  (0,5)→(1,5)  score=+352
  (0,5)→(2,5)  score=+402
  (0,7)→(2,5)  score=+583
  (0,7)→(2,9)  score=+705
  (0,9)→(0,8)  score=+664
  Chosen: (0,6)→(2,7)

[Turn 6] 绿方 (AI)
  (12,0)→(11,2)  score=+968
  (12,0)→(13,2)  score=+951
  (5,0)→(6,0)  score=+440
  (5,0)→(5,1)  score=+946
  (5,0)→(5,2)  score=+946
  (5,3)→(5,4)  score=+946
  (6,2)→(5,2)  score=+967
  (6,2)→(6,1)  score=+968 ◀ SELECTED
  Chosen: (6,2)→(6,1)

[Turn 7] 蓝方 (AI)
  (12,18)→(11,16)  score=+966
  (12,18)→(13,16)  score=+949
  (5,15)→(5,14)  score=+944
  (5,18)→(6,18)  score=+439
  (5,18)→(5,17)  score=+944
  (5,18)→(5,16)  score=+944
  (6,16)→(5,16)  score=+965 ◀ SELECTED
  (6,16)→(6,15)  score=+966
  Chosen: (6,16)→(5,16)

[Turn 9] 黑方 (AI)
  (2,12)→(18,12)  score=+733
  (2,12)→(1,12)  score=+296
  (2,12)→(3,12)  score=+307
  (2,12)→(4,12)  score=+357
  (2,12)→(5,12)  score=+1044 ◀ SELECTED
  (2,12)→(6,12)  score=+1042
  (2,12)→(7,12)  score=+362
  (2,12)→(8,12)  score=+361
  Chosen: (2,12)→(5,12)

[Turn 10] 绿方 (AI)
  (5,0)→(6,0)  score=+629 ◀ SELECTED
  (5,0)→(5,1)  score=+435
  (5,0)→(5,2)  score=+543
  (12,0)→(11,2)  score=+56
  (12,0)→(13,2)  score=+39
  (5,3)→(5,4)  score=+8
  (6,1)→(5,1)  score=+598
  (6,1)→(7,1)  score=+54
  Chosen: (5,0)→(6,0)

[Turn 11] 蓝方 (AI)
  (5,16)→(6,16)  score=+458
  (5,16)→(5,17)  score=+1344
  (12,18)→(11,16)  score=+1374
  (12,18)→(13,16)  score=+1357
  (5,15)→(5,14)  score=+1344
  (5,18)→(6,18)  score=+1424 ◀ SELECTED
  (5,18)→(5,17)  score=+1344
  (7,15)→(7,14)  score=+1344
  Chosen: (5,18)→(6,18)

[Turn 13] 黑方 (AI)
  (0,12)→(2,11)  score=+1194
  (0,12)→(2,13)  score=+1177
  (3,9)→(4,9)  score=+1066
  (0,5)→(1,5)  score=+1133
  (0,5)→(2,5)  score=+1194 ◀ SELECTED
  (0,5)→(0,6)  score=+698
  (0,7)→(2,5)  score=+1120
  (0,7)→(2,9)  score=+1170
  Chosen: (0,5)→(2,5)
=== End ===

=== 2026-05-27 12:25:52 ===

-- 全局走子记录 --
#1 红方: (16,12)→(16,9) [C]
#2 黑方 (AI): (0,8)→(1,9) [A]
#3 P4: (9,9)→(9,10) [N]
#3 绿方 (AI): (6,0)→(7,2) [N]
#4 蓝方 (AI): (6,18)→(7,16) [N]
#5 P4: (8,10)→(9,11) [N]
#5 红方: (18,13)→(17,13) [R]
#6 黑方 (AI): (0,6)→(2,7) [N]
#7 P4: (11,11)→(10,11) [N]
#7 绿方 (AI): (6,2)→(6,1) [C]
#8 蓝方 (AI): (6,16)→(5,16) [C]
#9 P4: (7,11)→(8,11) [N]
#9 红方: (17,13)→(17,12) [R]
#10 黑方 (AI): (2,12)→(5,12) [C]
#11 P4: (11,7)→(10,7) [N]
#11 绿方 (AI): (5,0)→(6,0) [R]
#12 蓝方 (AI): (5,18)→(6,18) [R]
#13 P4: (10,7)→(9,7) [N]
#13 红方: (17,12)→(5,12) [R] 吃C[C]
#14 黑方 (AI): (0,5)→(2,5) [R]
#15 P4: (7,7)→(8,7) [N]
#15 绿方 (AI): (6,1)→(11,1) [C]

-- AI 思考细节 --

[Turn 1] 黑方 (AI)
  (0,6)→(2,5)  score=-3449
  (0,6)→(2,7)  score=-3432
  (0,5)→(1,5)  score=-3623
  (0,5)→(2,5)  score=-3623
  (0,7)→(2,5)  score=-3593
  (0,7)→(2,9)  score=-3461
  (0,8)→(1,9)  score=-3432 ◀ SELECTED
  (0,9)→(1,9)  score=-3628
  Chosen: (0,8)→(1,9)

[Turn 2] 绿方 (AI)
  (6,0)→(5,2)  score=+1126
  (6,0)→(7,2)  score=+1143 ◀ SELECTED
  (12,0)→(11,2)  score=+1143
  (12,0)→(13,2)  score=+1126
  (5,0)→(5,1)  score=+1072
  (5,0)→(5,2)  score=+1072
  (5,3)→(5,4)  score=+1072
  (6,2)→(5,2)  score=+1133
  Chosen: (6,0)→(7,2)

[Turn 3] 蓝方 (AI)
  (6,18)→(5,16)  score=+825
  (6,18)→(7,16)  score=+842 ◀ SELECTED
  (12,18)→(11,16)  score=+842
  (12,18)→(13,16)  score=+825
  (5,15)→(5,14)  score=+771
  (5,18)→(5,17)  score=+372
  (5,18)→(5,16)  score=+372
  (6,16)→(5,16)  score=+832
  Chosen: (6,18)→(7,16)

[Turn 5] 黑方 (AI)
  (0,6)→(2,5)  score=+727
  (0,6)→(2,7)  score=+892 ◀ SELECTED
  (3,9)→(4,9)  score=+723
  (0,5)→(1,5)  score=+352
  (0,5)→(2,5)  score=+402
  (0,7)→(2,5)  score=+583
  (0,7)→(2,9)  score=+705
  (0,9)→(0,8)  score=+664
  Chosen: (0,6)→(2,7)

[Turn 6] 绿方 (AI)
  (12,0)→(11,2)  score=+968
  (12,0)→(13,2)  score=+951
  (5,0)→(6,0)  score=+440
  (5,0)→(5,1)  score=+946
  (5,0)→(5,2)  score=+946
  (5,3)→(5,4)  score=+946
  (6,2)→(5,2)  score=+967
  (6,2)→(6,1)  score=+968 ◀ SELECTED
  Chosen: (6,2)→(6,1)

[Turn 7] 蓝方 (AI)
  (12,18)→(11,16)  score=+966
  (12,18)→(13,16)  score=+949
  (5,15)→(5,14)  score=+944
  (5,18)→(6,18)  score=+439
  (5,18)→(5,17)  score=+944
  (5,18)→(5,16)  score=+944
  (6,16)→(5,16)  score=+965 ◀ SELECTED
  (6,16)→(6,15)  score=+966
  Chosen: (6,16)→(5,16)

[Turn 9] 黑方 (AI)
  (2,12)→(18,12)  score=+733
  (2,12)→(1,12)  score=+296
  (2,12)→(3,12)  score=+307
  (2,12)→(4,12)  score=+357
  (2,12)→(5,12)  score=+1044 ◀ SELECTED
  (2,12)→(6,12)  score=+1042
  (2,12)→(7,12)  score=+362
  (2,12)→(8,12)  score=+361
  Chosen: (2,12)→(5,12)

[Turn 10] 绿方 (AI)
  (5,0)→(6,0)  score=+629 ◀ SELECTED
  (5,0)→(5,1)  score=+435
  (5,0)→(5,2)  score=+543
  (12,0)→(11,2)  score=+56
  (12,0)→(13,2)  score=+39
  (5,3)→(5,4)  score=+8
  (6,1)→(5,1)  score=+598
  (6,1)→(7,1)  score=+54
  Chosen: (5,0)→(6,0)

[Turn 11] 蓝方 (AI)
  (5,16)→(6,16)  score=+458
  (5,16)→(5,17)  score=+1344
  (12,18)→(11,16)  score=+1374
  (12,18)→(13,16)  score=+1357
  (5,15)→(5,14)  score=+1344
  (5,18)→(6,18)  score=+1424 ◀ SELECTED
  (5,18)→(5,17)  score=+1344
  (7,15)→(7,14)  score=+1344
  Chosen: (5,18)→(6,18)

[Turn 13] 黑方 (AI)
  (0,12)→(2,11)  score=+1194
  (0,12)→(2,13)  score=+1177
  (3,9)→(4,9)  score=+1066
  (0,5)→(1,5)  score=+1133
  (0,5)→(2,5)  score=+1194 ◀ SELECTED
  (0,5)→(0,6)  score=+698
  (0,7)→(2,5)  score=+1120
  (0,7)→(2,9)  score=+1170
  Chosen: (0,5)→(2,5)

[Turn 14] 绿方 (AI)
  (5,3)→(5,4)  score=+572
  (6,1)→(5,1)  score=+1097
  (6,1)→(7,1)  score=+562
  (6,1)→(8,1)  score=+1149
  (6,1)→(9,1)  score=+1150
  (6,1)→(10,1)  score=+1149
  (6,1)→(11,1)  score=+1148 ◀ SELECTED
  (6,1)→(12,1)  score=+1119
  Chosen: (6,1)→(11,1)
=== End ===

=== 2026-05-27 12:25:55 ===

-- 全局走子记录 --
#1 红方: (16,12)→(16,9) [C]
#2 黑方 (AI): (0,8)→(1,9) [A]
#3 P4: (9,9)→(9,10) [N]
#3 绿方 (AI): (6,0)→(7,2) [N]
#4 蓝方 (AI): (6,18)→(7,16) [N]
#5 P4: (8,10)→(9,11) [N]
#5 红方: (18,13)→(17,13) [R]
#6 黑方 (AI): (0,6)→(2,7) [N]
#7 P4: (11,11)→(10,11) [N]
#7 绿方 (AI): (6,2)→(6,1) [C]
#8 蓝方 (AI): (6,16)→(5,16) [C]
#9 P4: (7,11)→(8,11) [N]
#9 红方: (17,13)→(17,12) [R]
#10 黑方 (AI): (2,12)→(5,12) [C]
#11 P4: (11,7)→(10,7) [N]
#11 绿方 (AI): (5,0)→(6,0) [R]
#12 蓝方 (AI): (5,18)→(6,18) [R]
#13 P4: (10,7)→(9,7) [N]
#13 红方: (17,12)→(5,12) [R] 吃C[C]
#14 黑方 (AI): (0,5)→(2,5) [R]
#15 P4: (7,7)→(8,7) [N]
#15 绿方 (AI): (6,1)→(11,1) [C]
#16 蓝方 (AI): (5,16)→(5,12) [C] 吃R[R]

-- AI 思考细节 --

[Turn 1] 黑方 (AI)
  (0,6)→(2,5)  score=-3449
  (0,6)→(2,7)  score=-3432
  (0,5)→(1,5)  score=-3623
  (0,5)→(2,5)  score=-3623
  (0,7)→(2,5)  score=-3593
  (0,7)→(2,9)  score=-3461
  (0,8)→(1,9)  score=-3432 ◀ SELECTED
  (0,9)→(1,9)  score=-3628
  Chosen: (0,8)→(1,9)

[Turn 2] 绿方 (AI)
  (6,0)→(5,2)  score=+1126
  (6,0)→(7,2)  score=+1143 ◀ SELECTED
  (12,0)→(11,2)  score=+1143
  (12,0)→(13,2)  score=+1126
  (5,0)→(5,1)  score=+1072
  (5,0)→(5,2)  score=+1072
  (5,3)→(5,4)  score=+1072
  (6,2)→(5,2)  score=+1133
  Chosen: (6,0)→(7,2)

[Turn 3] 蓝方 (AI)
  (6,18)→(5,16)  score=+825
  (6,18)→(7,16)  score=+842 ◀ SELECTED
  (12,18)→(11,16)  score=+842
  (12,18)→(13,16)  score=+825
  (5,15)→(5,14)  score=+771
  (5,18)→(5,17)  score=+372
  (5,18)→(5,16)  score=+372
  (6,16)→(5,16)  score=+832
  Chosen: (6,18)→(7,16)

[Turn 5] 黑方 (AI)
  (0,6)→(2,5)  score=+727
  (0,6)→(2,7)  score=+892 ◀ SELECTED
  (3,9)→(4,9)  score=+723
  (0,5)→(1,5)  score=+352
  (0,5)→(2,5)  score=+402
  (0,7)→(2,5)  score=+583
  (0,7)→(2,9)  score=+705
  (0,9)→(0,8)  score=+664
  Chosen: (0,6)→(2,7)

[Turn 6] 绿方 (AI)
  (12,0)→(11,2)  score=+968
  (12,0)→(13,2)  score=+951
  (5,0)→(6,0)  score=+440
  (5,0)→(5,1)  score=+946
  (5,0)→(5,2)  score=+946
  (5,3)→(5,4)  score=+946
  (6,2)→(5,2)  score=+967
  (6,2)→(6,1)  score=+968 ◀ SELECTED
  Chosen: (6,2)→(6,1)

[Turn 7] 蓝方 (AI)
  (12,18)→(11,16)  score=+966
  (12,18)→(13,16)  score=+949
  (5,15)→(5,14)  score=+944
  (5,18)→(6,18)  score=+439
  (5,18)→(5,17)  score=+944
  (5,18)→(5,16)  score=+944
  (6,16)→(5,16)  score=+965 ◀ SELECTED
  (6,16)→(6,15)  score=+966
  Chosen: (6,16)→(5,16)

[Turn 9] 黑方 (AI)
  (2,12)→(18,12)  score=+733
  (2,12)→(1,12)  score=+296
  (2,12)→(3,12)  score=+307
  (2,12)→(4,12)  score=+357
  (2,12)→(5,12)  score=+1044 ◀ SELECTED
  (2,12)→(6,12)  score=+1042
  (2,12)→(7,12)  score=+362
  (2,12)→(8,12)  score=+361
  Chosen: (2,12)→(5,12)

[Turn 10] 绿方 (AI)
  (5,0)→(6,0)  score=+629 ◀ SELECTED
  (5,0)→(5,1)  score=+435
  (5,0)→(5,2)  score=+543
  (12,0)→(11,2)  score=+56
  (12,0)→(13,2)  score=+39
  (5,3)→(5,4)  score=+8
  (6,1)→(5,1)  score=+598
  (6,1)→(7,1)  score=+54
  Chosen: (5,0)→(6,0)

[Turn 11] 蓝方 (AI)
  (5,16)→(6,16)  score=+458
  (5,16)→(5,17)  score=+1344
  (12,18)→(11,16)  score=+1374
  (12,18)→(13,16)  score=+1357
  (5,15)→(5,14)  score=+1344
  (5,18)→(6,18)  score=+1424 ◀ SELECTED
  (5,18)→(5,17)  score=+1344
  (7,15)→(7,14)  score=+1344
  Chosen: (5,18)→(6,18)

[Turn 13] 黑方 (AI)
  (0,12)→(2,11)  score=+1194
  (0,12)→(2,13)  score=+1177
  (3,9)→(4,9)  score=+1066
  (0,5)→(1,5)  score=+1133
  (0,5)→(2,5)  score=+1194 ◀ SELECTED
  (0,5)→(0,6)  score=+698
  (0,7)→(2,5)  score=+1120
  (0,7)→(2,9)  score=+1170
  Chosen: (0,5)→(2,5)

[Turn 14] 绿方 (AI)
  (5,3)→(5,4)  score=+572
  (6,1)→(5,1)  score=+1097
  (6,1)→(7,1)  score=+562
  (6,1)→(8,1)  score=+1149
  (6,1)→(9,1)  score=+1150
  (6,1)→(10,1)  score=+1149
  (6,1)→(11,1)  score=+1148 ◀ SELECTED
  (6,1)→(12,1)  score=+1119
  Chosen: (6,1)→(11,1)

[Turn 15] 蓝方 (AI)
  (6,18)→(6,0)  score=+404
  (5,16)→(5,12)  score=+1092 ◀ SELECTED
  (5,15)→(5,14)  score=+112
  (6,18)→(5,18)  score=+444
  (6,18)→(6,17)  score=-472
  (6,18)→(6,16)  score=+143
  (6,18)→(6,15)  score=-522
  (6,18)→(6,14)  score=-472
  Chosen: (5,16)→(5,12)
=== End ===
