==================================================
  四国象棋 服务器已启动
  本机访问:  http://127.0.0.1:8888
  局域网访问: http://172.28.84.195:8888
  其他人用浏览器打开上述网址即可加入
  输入用户名即可进入，无需密码
==================================================
======== Running on http://0.0.0.0:8888 ========
(Press CTRL+C to quit)
[DEBUG] start_game mode=ffa teams=None turn_order=[0, 2, 1, 3] moves_since_neutral init to 1
[DEBUG] _start_turn_timer: color=红方 is_ai=False delay=30s
[DEBUG] neutral check: alive=4 threshold=2 moves=1
[DEBUG] _broadcast_move: 红方 moved -> next turn: 绿方 (turn_idx=1)
[DEBUG] _start_turn_timer: color=绿方 is_ai=True delay=1.5s
[DEBUG] timer_tick firing for 绿方
[DEBUG] neutral check: alive=4 threshold=2 moves=2
[DEBUG] get_single_neutral_ai_move() returned: (7, 7, 6, 7)
[DEBUG] neutral AI moved: (7,7) -> (6,7)
[DEBUG] _broadcast_move: 绿方 moved -> next turn: 黑方 (turn_idx=2)
[DEBUG] _start_turn_timer: color=黑方 is_ai=True delay=1.5s
[DEBUG] timer_tick firing for 黑方
[DEBUG] neutral check: alive=4 threshold=2 moves=1
[DEBUG] _broadcast_move: 黑方 moved -> next turn: 蓝方 (turn_idx=3)
[DEBUG] _start_turn_timer: color=蓝方 is_ai=True delay=1.5s
[DEBUG] timer_tick firing for 蓝方
[DEBUG] neutral check: alive=4 threshold=2 moves=2
[DEBUG] get_single_neutral_ai_move() returned: (6, 7, 7, 7)
[DEBUG] neutral AI moved: (6,7) -> (7,7)
[DEBUG] _broadcast_move: 蓝方 moved -> next turn: 红方 (turn_idx=0)
[DEBUG] _start_turn_timer: color=红方 is_ai=False delay=30s
[DEBUG] timer_tick firing for 红方
[DEBUG] neutral check: alive=4 threshold=2 moves=1
[DEBUG] _broadcast_move: 红方 moved -> next turn: 绿方 (turn_idx=1)
[DEBUG] _start_turn_timer: color=绿方 is_ai=True delay=1.5s
[DEBUG] timer_tick firing for 绿方
[DEBUG] _broadcast_move: 绿方 moved -> next turn: 黑方 (turn_idx=2)
[DEBUG] _start_turn_timer: color=黑方 is_ai=True delay=1.5s
[DEBUG] timer_tick firing for 黑方
[DEBUG] neutral check: alive=4 threshold=2 moves=2
[DEBUG] get_single_neutral_ai_move() returned: None
[DEBUG] _broadcast_move: 黑方 moved -> next turn: 蓝方 (turn_idx=3)
[DEBUG] _start_turn_timer: color=蓝方 is_ai=True delay=1.5s
[DEBUG] timer_tick firing for 蓝方
[DEBUG] neutral check: alive=4 threshold=2 moves=1
[DEBUG] _broadcast_move: 蓝方 moved -> next turn: 红方 (turn_idx=0)
[DEBUG] _start_turn_timer: color=红方 is_ai=False delay=30s
[DEBUG] timer_tick firing for 红方
[DEBUG] neutral check: alive=4 threshold=2 moves=2
[DEBUG] get_single_neutral_ai_move() returned: None
[DEBUG] _broadcast_move: 红方 moved -> next turn: 绿方 (turn_idx=1)
[DEBUG] _start_turn_timer: color=绿方 is_ai=True delay=1.5s
[DEBUG] timer_tick firing for 绿方
[DEBUG] neutral check: alive=4 threshold=2 moves=1
[DEBUG] _broadcast_move: 绿方 moved -> next turn: 黑方 (turn_idx=2)
[DEBUG] _start_turn_timer: color=黑方 is_ai=True delay=1.5s
[DEBUG] timer_tick firing for 黑方
[DEBUG] neutral check: alive=4 threshold=2 moves=2
[DEBUG] get_single_neutral_ai_move() returned: None
[DEBUG] _broadcast_move: 黑方 moved -> next turn: 蓝方 (turn_idx=3)
[DEBUG] _start_turn_timer: color=蓝方 is_ai=True delay=1.5s
[DEBUG] timer_tick firing for 蓝方
[DEBUG] neutral check: alive=4 threshold=2 moves=1
[DEBUG] _broadcast_move: 蓝方 moved -> next turn: 红方 (turn_idx=0)
[DEBUG] _start_turn_timer: color=红方 is_ai=False delay=30s
[DEBUG] timer_tick firing for 红方
[DEBUG] neutral check: alive=4 threshold=2 moves=2
[DEBUG] get_single_neutral_ai_move() returned: None
[DEBUG] _broadcast_move: 红方 moved -> next turn: 绿方 (turn_idx=1)
[DEBUG] _start_turn_timer: color=绿方 is_ai=True delay=1.5s
[DEBUG] timer_tick firing for 绿方
[DEBUG] neutral check: alive=4 threshold=2 moves=1
[DEBUG] _broadcast_move: 绿方 moved -> next turn: 黑方 (turn_idx=2)
[DEBUG] _start_turn_timer: color=黑方 is_ai=True delay=1.5s
[DEBUG] timer_tick firing for 黑方
[DEBUG] neutral check: alive=4 threshold=2 moves=2
[DEBUG] get_single_neutral_ai_move() returned: None
[DEBUG] _broadcast_move: 黑方 moved -> next turn: 蓝方 (turn_idx=3)
[DEBUG] _start_turn_timer: color=蓝方 is_ai=True delay=1.5s
[DEBUG] timer_tick firing for 蓝方
[DEBUG] neutral check: alive=4 threshold=2 moves=1
[DEBUG] _broadcast_move: 蓝方 moved -> next turn: 红方 (turn_idx=0)
[DEBUG] _start_turn_timer: color=红方 is_ai=False delay=30s
[DEBUG] timer_tick firing for 红方
[DEBUG] neutral check: alive=4 threshold=2 moves=2
[DEBUG] get_single_neutral_ai_move() returned: None
[DEBUG] _broadcast_move: 红方 moved -> next turn: 绿方 (turn_idx=1)
[DEBUG] _start_turn_timer: color=绿方 is_ai=True delay=1.5s
[DEBUG] timer_tick firing for 绿方
[DEBUG] neutral check: alive=4 threshold=2 moves=1
[DEBUG] _broadcast_move: 绿方 moved -> next turn: 黑方 (turn_idx=2)
[DEBUG] _start_turn_timer: color=黑方 is_ai=True delay=1.5s
[DEBUG] timer_tick firing for 黑方
[DEBUG] neutral check: alive=4 threshold=2 moves=2
[DEBUG] get_single_neutral_ai_move() returned: None
[DEBUG] _broadcast_move: 黑方 moved -> next turn: 蓝方 (turn_idx=3)
[DEBUG] _start_turn_timer: color=蓝方 is_ai=True delay=1.5s
[DEBUG] timer_tick firing for 蓝方
[DEBUG] neutral check: alive=4 threshold=2 moves=1
[DEBUG] _broadcast_move: 蓝方 moved -> next turn: 红方 (turn_idx=0)
[DEBUG] _start_turn_timer: color=红方 is_ai=False delay=30s
[DEBUG] timer_tick firing for 红方
[DEBUG] neutral check: alive=4 threshold=2 moves=2
[DEBUG] get_single_neutral_ai_move() returned: None
[DEBUG] _broadcast_move: 红方 moved -> next turn: 绿方 (turn_idx=1)
[DEBUG] _start_turn_timer: color=绿方 is_ai=True delay=1.5s
[DEBUG] timer_tick firing for 绿方
[DEBUG] neutral check: alive=4 threshold=2 moves=1
[DEBUG] _broadcast_move: 绿方 moved -> next turn: 黑方 (turn_idx=2)
[DEBUG] _start_turn_timer: color=黑方 is_ai=True delay=1.5s
[DEBUG] timer_tick firing for 黑方
[DEBUG] neutral check: alive=4 threshold=2 moves=2
[DEBUG] get_single_neutral_ai_move() returned: None
[DEBUG] _broadcast_move: 黑方 moved -> next turn: 蓝方 (turn_idx=3)
[DEBUG] _start_turn_timer: color=蓝方 is_ai=True delay=1.5s
[DEBUG] timer_tick firing for 蓝方
[DEBUG] neutral check: alive=4 threshold=2 moves=1
[DEBUG] _broadcast_move: 蓝方 moved -> next turn: 红方 (turn_idx=0)
[DEBUG] _start_turn_timer: color=红方 is_ai=False delay=30s
[DEBUG] timer_tick firing for 红方
[DEBUG] neutral check: alive=4 threshold=2 moves=2
[DEBUG] get_single_neutral_ai_move() returned: None
[DEBUG] _broadcast_move: 红方 moved -> next turn: 绿方 (turn_idx=1)
[DEBUG] _start_turn_timer: color=绿方 is_ai=True delay=1.5s
[DEBUG] timer_tick firing for 绿方
[DEBUG] neutral check: alive=4 threshold=2 moves=1
[DEBUG] _broadcast_move: 绿方 moved -> next turn: 黑方 (turn_idx=2)
[DEBUG] _start_turn_timer: color=黑方 is_ai=True delay=1.5s
[DEBUG] timer_tick firing for 黑方
[DEBUG] neutral check: alive=4 threshold=2 moves=2
[DEBUG] get_single_neutral_ai_move() returned: None
[DEBUG] _broadcast_move: 黑方 moved -> next turn: 蓝方 (turn_idx=3)
[DEBUG] _start_turn_timer: color=蓝方 is_ai=True delay=1.5s
[DEBUG] timer_tick firing for 蓝方
[DEBUG] neutral check: alive=4 threshold=2 moves=1
[DEBUG] _broadcast_move: 蓝方 moved -> next turn: 红方 (turn_idx=0)
[DEBUG] _start_turn_timer: color=红方 is_ai=False delay=30s
[DEBUG] timer_tick firing for 红方
[DEBUG] neutral check: alive=4 threshold=2 moves=2
[DEBUG] get_single_neutral_ai_move() returned: None
[DEBUG] _broadcast_move: 红方 moved -> next turn: 绿方 (turn_idx=1)
[DEBUG] _start_turn_timer: color=绿方 is_ai=True delay=1.5s
[DEBUG] timer_tick firing for 绿方
[DEBUG] neutral check: alive=4 threshold=2 moves=1
[DEBUG] _broadcast_move: 绿方 moved -> next turn: 黑方 (turn_idx=2)
[DEBUG] _start_turn_timer: color=黑方 is_ai=True delay=1.5s
[DEBUG] timer_tick firing for 黑方
[DEBUG] neutral check: alive=4 threshold=2 moves=2
[DEBUG] get_single_neutral_ai_move() returned: None
[DEBUG] _broadcast_move: 黑方 moved -> next turn: 蓝方 (turn_idx=3)
[DEBUG] _start_turn_timer: color=蓝方 is_ai=True delay=1.5s
[DEBUG] timer_tick firing for 蓝方
[DEBUG] neutral check: alive=4 threshold=2 moves=1
[DEBUG] _broadcast_move: 蓝方 moved -> next turn: 红方 (turn_idx=0)
[DEBUG] _start_turn_timer: color=红方 is_ai=False delay=30s
[DEBUG] timer_tick firing for 红方
[DEBUG] neutral check: alive=4 threshold=2 moves=2
[DEBUG] get_single_neutral_ai_move() returned: None
[DEBUG] _broadcast_move: 红方 moved -> next turn: 绿方 (turn_idx=1)
[DEBUG] _start_turn_timer: color=绿方 is_ai=True delay=1.5s
[DEBUG] timer_tick firing for 绿方
[DEBUG] neutral check: alive=4 threshold=2 moves=1
[DEBUG] _broadcast_move: 绿方 moved -> next turn: 黑方 (turn_idx=2)
[DEBUG] _start_turn_timer: color=黑方 is_ai=True delay=1.5s
[DEBUG] timer_tick firing for 黑方
[DEBUG] neutral check: alive=4 threshold=2 moves=2
[DEBUG] get_single_neutral_ai_move() returned: None
[DEBUG] _broadcast_move: 黑方 moved -> next turn: 蓝方 (turn_idx=3)
[DEBUG] _start_turn_timer: color=蓝方 is_ai=True delay=1.5s
[DEBUG] timer_tick firing for 蓝方
[DEBUG] neutral check: alive=4 threshold=2 moves=1
[DEBUG] _broadcast_move: 蓝方 moved -> next turn: 红方 (turn_idx=0)
[DEBUG] _start_turn_timer: color=红方 is_ai=False delay=30s
[DEBUG] timer_tick firing for 红方
[DEBUG] neutral check: alive=4 threshold=2 moves=2
[DEBUG] get_single_neutral_ai_move() returned: None
[DEBUG] _broadcast_move: 红方 moved -> next turn: 绿方 (turn_idx=1)
[DEBUG] _start_turn_timer: color=绿方 is_ai=True delay=1.5s
[DEBUG] timer_tick firing for 绿方
[DEBUG] neutral check: alive=4 threshold=2 moves=1
[DEBUG] _broadcast_move: 绿方 moved -> next turn: 黑方 (turn_idx=2)
[DEBUG] _start_turn_timer: color=黑方 is_ai=True delay=1.5s
[DEBUG] timer_tick firing for 黑方
[DEBUG] neutral check: alive=4 threshold=2 moves=2
[DEBUG] get_single_neutral_ai_move() returned: None
[DEBUG] _broadcast_move: 黑方 moved -> next turn: 蓝方 (turn_idx=3)
[DEBUG] _start_turn_timer: color=蓝方 is_ai=True delay=1.5s
[DEBUG] timer_tick firing for 蓝方
[DEBUG] neutral check: alive=4 threshold=2 moves=1
[DEBUG] _broadcast_move: 蓝方 moved -> next turn: 红方 (turn_idx=0)
[DEBUG] _start_turn_timer: color=红方 is_ai=False delay=30s
[DEBUG] timer_tick firing for 红方
[DEBUG] neutral check: alive=4 threshold=2 moves=2
[DEBUG] get_single_neutral_ai_move() returned: None
[DEBUG] _broadcast_move: 红方 moved -> next turn: 绿方 (turn_idx=1)
[DEBUG] _start_turn_timer: color=绿方 is_ai=True delay=1.5s
[DEBUG] timer_tick firing for 绿方
